# Bake Begins!
### (1 of 6) Copy sources
$ cp -a /home/travis/build/fontdirectory/astloch/METADATA.json /home/travis/build/fontdirectory/astloch/builds/build
$ cp -a /home/travis/build/fontdirectory/astloch/DESCRIPTION.en_us.html /home/travis/build/fontdirectory/astloch/builds/build
$ cp -a Astloch-Regular.ttf.ttx Astloch-Bold.ttf.ttx src/Astloch-Regular-TTF_FF.ttf.ttx src/Astloch-Bold-TTF_FF.ttf.ttx src/Astloch-Regular-TTF_FLS.ttf.ttx src/Astloch-Bold-TTF_FLS.ttf.ttx src/Astloch-Bold-TTF.sfd src/Astloch-Regular-TTF.sfd Astloch-Regular.ttf._h_h_e_a.ttx Astloch-Regular.ttf.F_F_T_M_.ttx Astloch-Regular.ttf.G_P_O_S_.ttx Astloch-Regular.ttf._c_v_t.ttx Astloch-Regular.ttf._l_o_c_a.ttx Astloch-Regular.ttf._c_m_a_p.ttx Astloch-Regular.ttf._h_m_t_x.ttx Astloch-Regular.ttf._h_e_a_d.ttx Astloch-Regular.ttf._p_o_s_t.ttx Astloch-Regular.ttf.G_D_E_F_.ttx Astloch-Regular.ttf._n_a_m_e.ttx Astloch-Regular.ttf.O_S_2f_2.ttx Astloch-Regular.ttf.GlyphOrder.ttx Astloch-Regular.ttf._f_p_g_m.ttx Astloch-Regular.ttf._m_a_x_p.ttx Astloch-Regular.ttf.G_S_U_B_.ttx Astloch-Regular.ttf._p_r_e_p.ttx Astloch-Regular.ttf._g_l_y_f.ttx Astloch-Bold.ttf._l_o_c_a.ttx Astloch-Bold.ttf._m_a_x_p.ttx Astloch-Bold.ttf._n_a_m_e.ttx Astloch-Bold.ttf._c_v_t.ttx Astloch-Bold.ttf._c_m_a_p.ttx Astloch-Bold.ttf._p_o_s_t.ttx Astloch-Bold.ttf.O_S_2f_2.ttx Astloch-Bold.ttf.G_P_O_S_.ttx Astloch-Bold.ttf.G_S_U_B_.ttx Astloch-Bold.ttf._p_r_e_p.ttx Astloch-Bold.ttf._h_e_a_d.ttx Astloch-Bold.ttf._h_m_t_x.ttx Astloch-Bold.ttf.F_F_T_M_.ttx Astloch-Bold.ttf._f_p_g_m.ttx Astloch-Bold.ttf._g_l_y_f.ttx Astloch-Bold.ttf.G_D_E_F_.ttx Astloch-Bold.ttf._h_h_e_a.ttx Astloch-Bold.ttf.GlyphOrder.ttx src/Astloch-Regular-TTF_FF.ttf.G_D_E_F_.ttx src/Astloch-Regular-TTF_FF.ttf._p_o_s_t.ttx src/Astloch-Regular-TTF_FF.ttf._p_r_e_p.ttx src/Astloch-Regular-TTF_FF.ttf._m_a_x_p.ttx src/Astloch-Regular-TTF_FF.ttf.O_S_2f_2.ttx src/Astloch-Regular-TTF_FF.ttf._n_a_m_e.ttx src/Astloch-Regular-TTF_FF.ttf._c_v_t.ttx src/Astloch-Regular-TTF_FF.ttf._l_o_c_a.ttx src/Astloch-Regular-TTF_FF.ttf._h_m_t_x.ttx src/Astloch-Regular-TTF_FF.ttf.GlyphOrder.ttx src/Astloch-Regular-TTF_FF.ttf._h_e_a_d.ttx src/Astloch-Regular-TTF_FF.ttf._g_l_y_f.ttx src/Astloch-Regular-TTF_FF.ttf.G_S_U_B_.ttx src/Astloch-Regular-TTF_FF.ttf.G_P_O_S_.ttx src/Astloch-Regular-TTF_FF.ttf._c_m_a_p.ttx src/Astloch-Regular-TTF_FF.ttf._f_p_g_m.ttx src/Astloch-Regular-TTF_FF.ttf.F_F_T_M_.ttx src/Astloch-Regular-TTF_FF.ttf._h_h_e_a.ttx src/Astloch-Bold-TTF_FF.ttf.G_S_U_B_.ttx src/Astloch-Bold-TTF_FF.ttf.F_F_T_M_.ttx src/Astloch-Bold-TTF_FF.ttf._f_p_g_m.ttx src/Astloch-Bold-TTF_FF.ttf._h_m_t_x.ttx src/Astloch-Bold-TTF_FF.ttf._n_a_m_e.ttx src/Astloch-Bold-TTF_FF.ttf._p_r_e_p.ttx src/Astloch-Bold-TTF_FF.ttf._g_l_y_f.ttx src/Astloch-Bold-TTF_FF.ttf.O_S_2f_2.ttx src/Astloch-Bold-TTF_FF.ttf._l_o_c_a.ttx src/Astloch-Bold-TTF_FF.ttf._h_e_a_d.ttx src/Astloch-Bold-TTF_FF.ttf._h_h_e_a.ttx src/Astloch-Bold-TTF_FF.ttf._c_m_a_p.ttx src/Astloch-Bold-TTF_FF.ttf._m_a_x_p.ttx src/Astloch-Bold-TTF_FF.ttf._p_o_s_t.ttx src/Astloch-Bold-TTF_FF.ttf._c_v_t.ttx src/Astloch-Bold-TTF_FF.ttf.G_P_O_S_.ttx src/Astloch-Bold-TTF_FF.ttf.G_D_E_F_.ttx src/Astloch-Bold-TTF_FF.ttf.GlyphOrder.ttx src/Astloch-Regular-TTF_FLS.ttf.L_T_S_H_.ttx src/Astloch-Regular-TTF_FLS.ttf._h_m_t_x.ttx src/Astloch-Regular-TTF_FLS.ttf._l_o_c_a.ttx src/Astloch-Regular-TTF_FLS.ttf._f_p_g_m.ttx src/Astloch-Regular-TTF_FLS.ttf.O_S_2f_2.ttx src/Astloch-Regular-TTF_FLS.ttf._m_a_x_p.ttx src/Astloch-Regular-TTF_FLS.ttf._h_e_a_d.ttx src/Astloch-Regular-TTF_FLS.ttf._n_a_m_e.ttx src/Astloch-Regular-TTF_FLS.ttf._g_l_y_f.ttx src/Astloch-Regular-TTF_FLS.ttf._k_e_r_n.ttx src/Astloch-Regular-TTF_FLS.ttf._p_r_e_p.ttx src/Astloch-Regular-TTF_FLS.ttf.GlyphOrder.ttx src/Astloch-Regular-TTF_FLS.ttf._h_d_m_x.ttx src/Astloch-Regular-TTF_FLS.ttf._p_o_s_t.ttx src/Astloch-Regular-TTF_FLS.ttf._h_h_e_a.ttx src/Astloch-Regular-TTF_FLS.ttf._c_v_t.ttx src/Astloch-Regular-TTF_FLS.ttf.G_P_O_S_.ttx src/Astloch-Regular-TTF_FLS.ttf._c_m_a_p.ttx src/Astloch-Regular-TTF_FLS.ttf.V_D_M_X_.ttx src/Astloch-Bold-TTF_FLS.ttf.L_T_S_H_.ttx src/Astloch-Bold-TTF_FLS.ttf._c_m_a_p.ttx src/Astloch-Bold-TTF_FLS.ttf.G_P_O_S_.ttx src/Astloch-Bold-TTF_FLS.ttf.V_D_M_X_.ttx src/Astloch-Bold-TTF_FLS.ttf._m_a_x_p.ttx src/Astloch-Bold-TTF_FLS.ttf._k_e_r_n.ttx src/Astloch-Bold-TTF_FLS.ttf._p_o_s_t.ttx src/Astloch-Bold-TTF_FLS.ttf._g_l_y_f.ttx src/Astloch-Bold-TTF_FLS.ttf._l_o_c_a.ttx src/Astloch-Bold-TTF_FLS.ttf._h_h_e_a.ttx src/Astloch-Bold-TTF_FLS.ttf._p_r_e_p.ttx src/Astloch-Bold-TTF_FLS.ttf.GlyphOrder.ttx src/Astloch-Bold-TTF_FLS.ttf._n_a_m_e.ttx src/Astloch-Bold-TTF_FLS.ttf._f_p_g_m.ttx src/Astloch-Bold-TTF_FLS.ttf._h_e_a_d.ttx src/Astloch-Bold-TTF_FLS.ttf.O_S_2f_2.ttx src/Astloch-Bold-TTF_FLS.ttf._h_m_t_x.ttx src/Astloch-Bold-TTF_FLS.ttf._h_d_m_x.ttx src/Astloch-Bold-TTF_FLS.ttf._c_v_t.ttx /home/travis/build/fontdirectory/astloch/builds/build/sources
### (2 of 6) pyfontaine
### (3 of 6) Run upstream tests
$ bakery-lint.py upstream-repo sources
$ fontaine --collections subsets --text /home/travis/build/fontdirectory/astloch/builds/build/sources/Astloch-Regular-TTF_FF.ttf.ttx /home/travis/build/fontdirectory/astloch/builds/build/sources/Astloch-Bold-TTF_FF.ttf.ttx /home/travis/build/fontdirectory/astloch/builds/build/sources/Astloch-Regular-TTF_FLS.ttf.ttx /home/travis/build/fontdirectory/astloch/builds/build/sources/Astloch-Regular.ttf.ttx /home/travis/build/fontdirectory/astloch/builds/build/sources/Astloch-Bold.ttf.ttx /home/travis/build/fontdirectory/astloch/builds/build/sources/Astloch-Bold-TTF_FLS.ttf.ttx /home/travis/build/fontdirectory/astloch/builds/build/sources/Astloch-Bold-TTF.sfd /home/travis/build/fontdirectory/astloch/builds/build/sources/Astloch-Regular-TTF.sfd > fontaine.txt
bakery_lint.tests.upstream.test_diacritic.TestDiacritic.test_diacritic_made_as_component(): OK
bakery_lint.tests.upstream.test_diacritic.TestDiacritic.test_diacritic_made_as_mark_to_mark(): OK
bakery_lint.tests.upstream.test_diacritic.TestDiacritic.test_diacritic_made_as_own_glyphs(): OK
WARNING: Please install [PyICU](https://pypi.python.org/pypi/PyICU) toenable [feature], perhaps with: pip install pyicu
pyfontaine error: Not a TrueType or OpenType font (bad sfntVersion)
pyfontaine process has been failed
bakery_lint.tests.upstream.test_prepolation.FontTestPrepolation.test_font_prepolation_glyph_contours(): OK
bakery_lint.tests.upstream.test_prepolation.FontTestPrepolation.test_font_prepolation_glyph_points(): OK
bakery_lint.tests.upstream.test_prepolation.FontTestPrepolation.test_font_test_prepolation_glyph_names(): OK
bakery_lint.tests.upstream.test_check_upstream_sources.ProjectUpstreamTestCase.test_bakery_yaml_exists(): OK
bakery_lint.tests.upstream.test_check_upstream_sources.ProjectUpstreamTestCase.test_copyright_notices_same_across_family(): OK
bakery_lint.tests.upstream.test_check_upstream_sources.ProjectUpstreamTestCase.test_description_html_exists(): OK
bakery_lint.tests.upstream.test_check_upstream_sources.ProjectUpstreamTestCase.test_fontlog_txt_exists(): FAIL
bakery_lint.tests.upstream.test_check_upstream_sources.ProjectUpstreamTestCase.test_metadata_json_exists(): OK
$ bakery-lint.py upstream-ttx Astloch-Regular-TTF_FF.ttf.ttx
bakery_lint.tests.upstream.test_check_ttx_requirements.SourceTTXTest.test_epar_in_keys(): FAIL
bakery_lint.tests.upstream.test_check_ttx_requirements.SourceTTXTest.test_os2_in_keys(): OK
bakery_lint.tests.upstream.test_check_ttx_requirements.SourceTTXTest.test_ttx_doesnt_contain_duplicate_glyphs(): OK
bakery_lint.tests.upstream.test_check_ttx_fontfamily_recommendations.TTX_FontFamilyNamingTest.test_ttx_family_naming_recommendation(): OK
bakery_lint.tests.upstream.test_font_filename_eq_familystyle.TestTTFSourceFontFileNameEqualsFamilyStyle.test_source_ttf_font_filename_equals_familystyle(): FAIL
$ mv /home/travis/build/fontdirectory/astloch/builds/build/sources/Astloch-Regular-TTF_FF.ttf.ttx /home/travis/build/fontdirectory/astloch/builds/build/sources/Astloch-Regular.ttx
bakery_lint.tests.upstream.test_font_filename_eq_familystyle.TestTTFSourceFontFileNameEqualsFamilyStyle.test_source_ttf_font_filename_equals_familystyle(): OK
bakery_lint.tests.upstream.test_glyphname_does_not_contain_disallowed_chars.TestGlyphNameDoesNotContainsDisallowedChars.test_glyphname_does_not_contain_disallowed_chars(): FAIL
$ bakery-lint.py upstream-ttx Astloch-Bold-TTF_FF.ttf.ttx
bakery_lint.tests.upstream.test_check_ttx_requirements.SourceTTXTest.test_epar_in_keys(): FAIL
bakery_lint.tests.upstream.test_check_ttx_requirements.SourceTTXTest.test_os2_in_keys(): OK
bakery_lint.tests.upstream.test_check_ttx_requirements.SourceTTXTest.test_ttx_doesnt_contain_duplicate_glyphs(): OK
bakery_lint.tests.upstream.test_check_ttx_fontfamily_recommendations.TTX_FontFamilyNamingTest.test_ttx_family_naming_recommendation(): OK
bakery_lint.tests.upstream.test_font_filename_eq_familystyle.TestTTFSourceFontFileNameEqualsFamilyStyle.test_source_ttf_font_filename_equals_familystyle(): FAIL
$ mv /home/travis/build/fontdirectory/astloch/builds/build/sources/Astloch-Bold-TTF_FF.ttf.ttx /home/travis/build/fontdirectory/astloch/builds/build/sources/Astloch-Bold.ttx
bakery_lint.tests.upstream.test_font_filename_eq_familystyle.TestTTFSourceFontFileNameEqualsFamilyStyle.test_source_ttf_font_filename_equals_familystyle(): OK
bakery_lint.tests.upstream.test_glyphname_does_not_contain_disallowed_chars.TestGlyphNameDoesNotContainsDisallowedChars.test_glyphname_does_not_contain_disallowed_chars(): FAIL
$ bakery-lint.py upstream-ttx Astloch-Regular-TTF_FLS.ttf.ttx
bakery_lint.tests.upstream.test_check_ttx_requirements.SourceTTXTest.test_epar_in_keys(): FAIL
bakery_lint.tests.upstream.test_check_ttx_requirements.SourceTTXTest.test_os2_in_keys(): OK
bakery_lint.tests.upstream.test_check_ttx_requirements.SourceTTXTest.test_ttx_doesnt_contain_duplicate_glyphs(): OK
bakery_lint.tests.upstream.test_check_ttx_fontfamily_recommendations.TTX_FontFamilyNamingTest.test_ttx_family_naming_recommendation(): OK
bakery_lint.tests.upstream.test_font_filename_eq_familystyle.TestTTFSourceFontFileNameEqualsFamilyStyle.test_source_ttf_font_filename_equals_familystyle(): FAIL
$ mv /home/travis/build/fontdirectory/astloch/builds/build/sources/Astloch-Regular-TTF_FLS.ttf.ttx /home/travis/build/fontdirectory/astloch/builds/build/sources/Astloch-Regular.ttx
bakery_lint.tests.upstream.test_font_filename_eq_familystyle.TestTTFSourceFontFileNameEqualsFamilyStyle.test_source_ttf_font_filename_equals_familystyle(): OK
bakery_lint.tests.upstream.test_glyphname_does_not_contain_disallowed_chars.TestGlyphNameDoesNotContainsDisallowedChars.test_glyphname_does_not_contain_disallowed_chars(): OK
$ bakery-lint.py upstream-ttx Astloch-Regular.ttf.ttx
bakery_lint.tests.upstream.test_check_ttx_requirements.SourceTTXTest.test_epar_in_keys(): FAIL
bakery_lint.tests.upstream.test_check_ttx_requirements.SourceTTXTest.test_os2_in_keys(): OK
bakery_lint.tests.upstream.test_check_ttx_requirements.SourceTTXTest.test_ttx_doesnt_contain_duplicate_glyphs(): OK
bakery_lint.tests.upstream.test_check_ttx_fontfamily_recommendations.TTX_FontFamilyNamingTest.test_ttx_family_naming_recommendation(): OK
bakery_lint.tests.upstream.test_font_filename_eq_familystyle.TestTTFSourceFontFileNameEqualsFamilyStyle.test_source_ttf_font_filename_equals_familystyle(): FAIL
$ mv /home/travis/build/fontdirectory/astloch/builds/build/sources/Astloch-Regular.ttf.ttx /home/travis/build/fontdirectory/astloch/builds/build/sources/Astloch-Regular.ttx
bakery_lint.tests.upstream.test_font_filename_eq_familystyle.TestTTFSourceFontFileNameEqualsFamilyStyle.test_source_ttf_font_filename_equals_familystyle(): OK
bakery_lint.tests.upstream.test_glyphname_does_not_contain_disallowed_chars.TestGlyphNameDoesNotContainsDisallowedChars.test_glyphname_does_not_contain_disallowed_chars(): FAIL
$ bakery-lint.py upstream-ttx Astloch-Bold.ttf.ttx
bakery_lint.tests.upstream.test_check_ttx_requirements.SourceTTXTest.test_epar_in_keys(): FAIL
bakery_lint.tests.upstream.test_check_ttx_requirements.SourceTTXTest.test_os2_in_keys(): OK
bakery_lint.tests.upstream.test_check_ttx_requirements.SourceTTXTest.test_ttx_doesnt_contain_duplicate_glyphs(): OK
bakery_lint.tests.upstream.test_check_ttx_fontfamily_recommendations.TTX_FontFamilyNamingTest.test_ttx_family_naming_recommendation(): OK
bakery_lint.tests.upstream.test_font_filename_eq_familystyle.TestTTFSourceFontFileNameEqualsFamilyStyle.test_source_ttf_font_filename_equals_familystyle(): FAIL
$ mv /home/travis/build/fontdirectory/astloch/builds/build/sources/Astloch-Bold.ttf.ttx /home/travis/build/fontdirectory/astloch/builds/build/sources/Astloch-Bold.ttx
bakery_lint.tests.upstream.test_font_filename_eq_familystyle.TestTTFSourceFontFileNameEqualsFamilyStyle.test_source_ttf_font_filename_equals_familystyle(): OK
bakery_lint.tests.upstream.test_glyphname_does_not_contain_disallowed_chars.TestGlyphNameDoesNotContainsDisallowedChars.test_glyphname_does_not_contain_disallowed_chars(): FAIL
$ bakery-lint.py upstream-ttx Astloch-Bold-TTF_FLS.ttf.ttx
bakery_lint.tests.upstream.test_check_ttx_requirements.SourceTTXTest.test_epar_in_keys(): FAIL
bakery_lint.tests.upstream.test_check_ttx_requirements.SourceTTXTest.test_os2_in_keys(): OK
bakery_lint.tests.upstream.test_check_ttx_requirements.SourceTTXTest.test_ttx_doesnt_contain_duplicate_glyphs(): OK
bakery_lint.tests.upstream.test_check_ttx_fontfamily_recommendations.TTX_FontFamilyNamingTest.test_ttx_family_naming_recommendation(): OK
bakery_lint.tests.upstream.test_font_filename_eq_familystyle.TestTTFSourceFontFileNameEqualsFamilyStyle.test_source_ttf_font_filename_equals_familystyle(): FAIL
$ mv /home/travis/build/fontdirectory/astloch/builds/build/sources/Astloch-Bold-TTF_FLS.ttf.ttx /home/travis/build/fontdirectory/astloch/builds/build/sources/Astloch-Bold.ttx
bakery_lint.tests.upstream.test_font_filename_eq_familystyle.TestTTFSourceFontFileNameEqualsFamilyStyle.test_source_ttf_font_filename_equals_familystyle(): OK
bakery_lint.tests.upstream.test_glyphname_does_not_contain_disallowed_chars.TestGlyphNameDoesNotContainsDisallowedChars.test_glyphname_does_not_contain_disallowed_chars(): OK
$ bakery-lint.py upstream Astloch-Bold-TTF.sfd
bakery_lint.tests.upstream.test_check_ufo_requirements.UfoOpenTest.test_has_rupee(): ERROR
bakery_lint.tests.upstream.test_check_ufo_requirements.UfoOpenTest.test_is_A(): ERROR
bakery_lint.tests.upstream.test_check_ufo_requirements.UfoOpenTest.test_is_A_a_glyph_instance(): ERROR
bakery_lint.tests.upstream.test_check_ufo_requirements.UfoOpenTest.test_is_ended_ufo(): ERROR
bakery_lint.tests.upstream.test_check_ufo_requirements.UfoOpenTest.test_is_folder(): ERROR
bakery_lint.tests.upstream.test_check_ufo_requirements.UfoOpenTest.test_is_fsType_eq_1(): ERROR
bakery_lint.tests.upstream.test_check_ufo_requirements.UfoOpenTest.test_it_exists(): ERROR
bakery_lint.tests.upstream.test_font_filename_eq_familystyle.TestTTFSourceFontFileNameEqualsFamilyStyle.test_source_ttf_font_filename_equals_familystyle(): ERROR
bakery_lint.tests.upstream.test_check_ufo_fontfamily_recommendations.TestUFOFontFamilyNamingTest.test_familyname_less_than_32_chars(): OK
bakery_lint.tests.upstream.test_check_ufo_fontfamily_recommendations.TestUFOFontFamilyNamingTest.test_fullfontname_less_than_64_chars(): OK
bakery_lint.tests.upstream.test_check_ufo_fontfamily_recommendations.TestUFOFontFamilyNamingTest.test_postscriptname_consistof_allowed_chars(): OK
bakery_lint.tests.upstream.test_check_ufo_fontfamily_recommendations.TestUFOFontFamilyNamingTest.test_postscriptname_less_than_30_chars(): OK
bakery_lint.tests.upstream.test_check_ufo_fontfamily_recommendations.TestUFOFontFamilyNamingTest.test_stylename_less_than_32_chars(): OK
bakery_lint.tests.upstream.test_check_ufo_fontfamily_recommendations.TestUFOFontFamilyNamingTest.test_weight_value_range_between_250_and_900(): OK
$ bakery-lint.py upstream Astloch-Regular-TTF.sfd
bakery_lint.tests.upstream.test_check_ufo_requirements.UfoOpenTest.test_has_rupee(): ERROR
bakery_lint.tests.upstream.test_check_ufo_requirements.UfoOpenTest.test_is_A(): ERROR
bakery_lint.tests.upstream.test_check_ufo_requirements.UfoOpenTest.test_is_A_a_glyph_instance(): ERROR
bakery_lint.tests.upstream.test_check_ufo_requirements.UfoOpenTest.test_is_ended_ufo(): ERROR
bakery_lint.tests.upstream.test_check_ufo_requirements.UfoOpenTest.test_is_folder(): ERROR
bakery_lint.tests.upstream.test_check_ufo_requirements.UfoOpenTest.test_is_fsType_eq_1(): ERROR
bakery_lint.tests.upstream.test_check_ufo_requirements.UfoOpenTest.test_it_exists(): ERROR
bakery_lint.tests.upstream.test_font_filename_eq_familystyle.TestTTFSourceFontFileNameEqualsFamilyStyle.test_source_ttf_font_filename_equals_familystyle(): ERROR
bakery_lint.tests.upstream.test_check_ufo_fontfamily_recommendations.TestUFOFontFamilyNamingTest.test_familyname_less_than_32_chars(): OK
bakery_lint.tests.upstream.test_check_ufo_fontfamily_recommendations.TestUFOFontFamilyNamingTest.test_fullfontname_less_than_64_chars(): OK
bakery_lint.tests.upstream.test_check_ufo_fontfamily_recommendations.TestUFOFontFamilyNamingTest.test_postscriptname_consistof_allowed_chars(): OK
bakery_lint.tests.upstream.test_check_ufo_fontfamily_recommendations.TestUFOFontFamilyNamingTest.test_postscriptname_less_than_30_chars(): OK
bakery_lint.tests.upstream.test_check_ufo_fontfamily_recommendations.TestUFOFontFamilyNamingTest.test_stylename_less_than_32_chars(): OK
bakery_lint.tests.upstream.test_check_ufo_fontfamily_recommendations.TestUFOFontFamilyNamingTest.test_weight_value_range_between_250_and_900(): OK
### (4 of 6) Convert sources to TTF
$ ttx -d /home/travis/build/fontdirectory/astloch/builds/build /home/travis/build/fontdirectory/astloch/builds/build/sources/Astloch-Bold.ttx /home/travis/build/fontdirectory/astloch/builds/build/sources/Astloch-Regular.ttx
strippedname:/home/travis/build/fontdirectory/astloch/builds/build/sources/Astloch-Bold-TTF.sfd
strippedname:/home/travis/build/fontdirectory/astloch/builds/build/sources/Astloch-Regular-TTF.sfd
Compiling "/home/travis/build/fontdirectory/astloch/builds/build/sources/Astloch-Bold.ttx" to "/home/travis/build/fontdirectory/astloch/builds/build/Astloch-Bold.ttf"...
Parsing 'GlyphOrder' table...
Parsing 'head' table...
Parsing 'hhea' table...
Parsing 'maxp' table...
Parsing 'OS/2' table...
Parsing 'hmtx' table...
Parsing 'LTSH' table...
Parsing 'VDMX' table...
Parsing 'hdmx' table...
Parsing 'cmap' table...
Parsing 'fpgm' table...
Parsing 'prep' table...
Parsing 'cvt ' table...
Parsing 'loca' table...
Parsing 'glyf' table...
Parsing 'kern' table...
Parsing 'name' table...
Parsing 'post' table...
Parsing 'GPOS' table...
Compiling "/home/travis/build/fontdirectory/astloch/builds/build/sources/Astloch-Regular.ttx" to "/home/travis/build/fontdirectory/astloch/builds/build/Astloch-Regular.ttf"...
Parsing 'GlyphOrder' table...
Parsing 'head' table...
Parsing 'hhea' table...
Parsing 'maxp' table...
Parsing 'OS/2' table...
Parsing 'hmtx' table...
Parsing 'cmap' table...
Parsing 'fpgm' table...
Parsing 'prep' table...
Parsing 'cvt ' table...
Parsing 'loca' table...
Parsing 'glyf' table...
Parsing 'name' table...
Parsing 'post' table...
Parsing 'FFTM' table...
Parsing 'GDEF' table...
Parsing 'GPOS' table...
Parsing 'GSUB' table...
### Test Astloch-Bold.ttf
$ bakery-lint.py result Astloch-Bold.ttf
$ font2ttf.py sources/Astloch-Bold-TTF.sfd Astloch-Bold-TTF.ttf
### Test Astloch-Regular.ttf
$ bakery-lint.py result Astloch-Regular.ttf
bakery_lint.tests.downstream.test_check_unused_glyph_data.CheckUnusedGlyphData.test_check_unused_glyph_data(): ERROR
bakery_lint.tests.downstream.test_check_full_font_name_begins_with_family_name.CheckFullFontNameBeginsWithFamilyName.test_check_full_font_name_begins_with_family_name(): OK
bakery_lint.tests.downstream.test_check_no_problematic_formats.CheckNoProblematicFormats.test_check_no_problematic_formats(): OK
bakery_lint.tests.downstream.test_check_font_tables.CheckFontHasDsigTable.test_check_font_has_dsig_table(): FAIL
$ bakery-dsig.py /home/travis/build/fontdirectory/astloch/builds/build/Astloch-Bold.ttf
bakery_lint.tests.downstream.test_check_unused_glyph_data.CheckUnusedGlyphData.test_check_unused_glyph_data(): ERROR
bakery_lint.tests.downstream.test_check_full_font_name_begins_with_family_name.CheckFullFontNameBeginsWithFamilyName.test_check_full_font_name_begins_with_family_name(): OK
bakery_lint.tests.downstream.test_check_no_problematic_formats.CheckNoProblematicFormats.test_check_no_problematic_formats(): OK
bakery_lint.tests.downstream.test_check_font_tables.CheckFontHasDsigTable.test_check_font_has_dsig_table(): FAIL
$ bakery-dsig.py /home/travis/build/fontdirectory/astloch/builds/build/Astloch-Regular.ttf
$ mv /home/travis/build/fontdirectory/astloch/builds/build/Astloch-Bold.ttf.fix /home/travis/build/fontdirectory/astloch/builds/build/Astloch-Bold.ttf
bakery_lint.tests.downstream.test_check_font_tables.CheckFontHasDsigTable.test_check_font_has_dsig_table(): OK
bakery_lint.tests.downstream.test_check_font_tables.CheckFontHasNotKernTable.test_no_kern_table_exists(): OK
$ mv /home/travis/build/fontdirectory/astloch/builds/build/Astloch-Regular.ttf.fix /home/travis/build/fontdirectory/astloch/builds/build/Astloch-Regular.ttf
bakery_lint.tests.downstream.test_check_italic_angle_agreement.CheckItalicAngleAgreement.test_check_italic_angle_agreement(): OK
bakery_lint.tests.downstream.test_check_font_tables.CheckFontHasDsigTable.test_check_font_has_dsig_table(): OK
bakery_lint.tests.downstream.test_check_font_tables.CheckFontHasNotKernTable.test_no_kern_table_exists(): OK
bakery_lint.tests.downstream.test_check_fontname_matches_macstyle.CheckFontNameEqualToMacStyleFlags.test_fontname_is_equal_to_macstyle(): FAIL
bakery_lint.tests.downstream.test_check_italic_angle_agreement.CheckItalicAngleAgreement.test_check_italic_angle_agreement(): OK
bakery_lint.tests.downstream.test_check_names_same_across_platforms.CheckNamesSameAcrossPlatforms.test_check_names_same_across_platforms(): OK
bakery_lint.tests.downstream.test_check_fontname_matches_macstyle.CheckFontNameEqualToMacStyleFlags.test_fontname_is_equal_to_macstyle(): FAIL
bakery_lint.tests.downstream.test_check_name_table_recommendation.CheckStyleNameRecommendation.test_check_stylename_is_under_recommendations(): OK
bakery_lint.tests.downstream.test_check_names_same_across_platforms.CheckNamesSameAcrossPlatforms.test_check_names_same_across_platforms(): OK
bakery_lint.tests.downstream.test_check_name_table_recommendation.CheckOTFamilyNameRecommendation.test_check_opentype_familyname(): FAIL
$ bakery-opentype-fix.py /home/travis/build/fontdirectory/astloch/builds/build/Astloch-Bold.ttf
bakery_lint.tests.downstream.test_check_name_table_recommendation.CheckStyleNameRecommendation.test_check_stylename_is_under_recommendations(): OK
bakery_lint.tests.downstream.test_check_name_table_recommendation.CheckOTFamilyNameRecommendation.test_check_opentype_familyname(): FAIL
$ bakery-opentype-fix.py /home/travis/build/fontdirectory/astloch/builds/build/Astloch-Regular.ttf
$ mv /home/travis/build/fontdirectory/astloch/builds/build/Astloch-Bold.ttf.fix /home/travis/build/fontdirectory/astloch/builds/build/Astloch-Bold.ttf
$ mv /home/travis/build/fontdirectory/astloch/builds/build/Astloch-Regular.ttf.fix /home/travis/build/fontdirectory/astloch/builds/build/Astloch-Regular.ttf
bakery_lint.tests.downstream.test_check_name_table_recommendation.CheckOTFamilyNameRecommendation.test_check_opentype_familyname(): OK
bakery_lint.tests.downstream.test_check_name_table_recommendation.CheckOTFamilyNameRecommendation.test_check_opentype_familyname(): OK
bakery_lint.tests.downstream.test_check_name_table_recommendation.CheckOTStyleNameRecommendation.test_check_opentype_stylename(): OK
bakery_lint.tests.downstream.test_check_name_table_recommendation.CheckOTStyleNameRecommendation.test_check_opentype_stylename(): OK
bakery_lint.tests.downstream.test_check_name_table_recommendation.CheckOTFullNameRecommendation.test_check_opentype_fullname(): OK
bakery_lint.tests.downstream.test_check_name_table_recommendation.CheckOTFullNameRecommendation.test_check_opentype_fullname(): OK
bakery_lint.tests.downstream.test_check_glyph_existence.CheckGlyphExistence.test_euro(): FAIL
bakery_lint.tests.downstream.test_check_glyph_existence.CheckGlyphExistence.test_euro(): FAIL
bakery_lint.tests.downstream.test_check_glyph_existence.CheckGlyphExistence.test_nbsp(): OK
bakery_lint.tests.downstream.test_check_glyph_existence.CheckGlyphExistence.test_nbsp(): OK
bakery_lint.tests.downstream.test_check_glyph_existence.CheckGlyphExistence.test_space(): OK
bakery_lint.tests.downstream.test_check_glyph_existence.CheckGlyphExistence.test_space(): OK
bakery_lint.tests.downstream.test_check_font_agreements.CheckFsTypeIsNotSet.test_is_fstype_not_set(): OK
$ bakery-fstype-fix.py --autofix /home/travis/build/fontdirectory/astloch/builds/build/Astloch-Bold.ttf
bakery_lint.tests.downstream.test_check_font_agreements.CheckFsTypeIsNotSet.test_is_fstype_not_set(): OK
$ bakery-fstype-fix.py --autofix /home/travis/build/fontdirectory/astloch/builds/build/Astloch-Regular.ttf
$ mv /home/travis/build/fontdirectory/astloch/builds/build/Astloch-Regular.ttf.fix /home/travis/build/fontdirectory/astloch/builds/build/Astloch-Regular.ttf
$ mv /home/travis/build/fontdirectory/astloch/builds/build/Astloch-Bold.ttf.fix /home/travis/build/fontdirectory/astloch/builds/build/Astloch-Bold.ttf
bakery_lint.tests.downstream.test_check_font_agreements.CheckFontAgreements.test_em_is_1000(): FAIL
bakery_lint.tests.downstream.test_check_font_agreements.CheckFontAgreements.test_em_is_1000(): FAIL
bakery_lint.tests.downstream.test_check_font_agreements.CheckFontAgreements.test_file_is_font(): OK
bakery_lint.tests.downstream.test_check_font_agreements.CheckFontAgreements.test_font_is_font(): OK
bakery_lint.tests.downstream.test_check_font_agreements.CheckFontAgreements.test_file_is_font(): OK
bakery_lint.tests.downstream.test_check_font_agreements.CheckFontAgreements.test_latin_file_exists(): FAIL
bakery_lint.tests.downstream.test_check_font_agreements.CheckFontAgreements.test_font_is_font(): OK
bakery_lint.tests.downstream.test_check_font_agreements.CheckFontAgreements.test_latin_file_exists(): FAIL
bakery_lint.tests.downstream.test_gpos_table_has_kerning_info.CheckGposTableHasKerningInfo.test_gpos_table_has_kerning_info(): OK
bakery_lint.tests.downstream.test_check_os2_width_class.CheckOS2WidthClass.test_check_os2_width_class(): OK
bakery_lint.tests.downstream.test_check_panose_identification.CheckPanoseIdentification.test_check_panose_identification(): OK
bakery_lint.tests.downstream.test_check_upm_heights_less_120.TestCheckUPMHeightsLess120.test_check_upm_heigths_less_120(): FAIL
bakery_lint.tests.downstream.test_gpos_table_has_kerning_info.CheckGposTableHasKerningInfo.test_gpos_table_has_kerning_info(): OK
bakery_lint.tests.downstream.test_check_nbsp_width_matches_sp_width.CheckNbspWidthMatchesSpWidth.test_check_nbsp_width_matches_sp_width(): OK
bakery_lint.tests.downstream.test_check_os2_width_class.CheckOS2WidthClass.test_check_os2_width_class(): OK
bakery_lint.tests.downstream.test_check_panose_identification.CheckPanoseIdentification.test_check_panose_identification(): OK
bakery_lint.tests.downstream.test_check_upm_heights_less_120.TestCheckUPMHeightsLess120.test_check_upm_heigths_less_120(): FAIL
bakery_lint.tests.downstream.test_check_license_included.CheckLicenseIncluded.test_license_included_in_font_names(): ERROR
bakery_lint.tests.downstream.test_check_nbsp_width_matches_sp_width.CheckNbspWidthMatchesSpWidth.test_check_nbsp_width_matches_sp_width(): OK
bakery_lint.tests.downstream.test_check_license_included.CheckLicenseIncluded.test_license_included_in_font_names(): ERROR
bakery_lint.tests.downstream.test_check_vertical_metrics.CheckVerticalLinegapMetrics.test_metrics_linegaps_are_zero(): FAIL
bakery_lint.tests.downstream.test_check_vertical_metrics.CheckVerticalLinegapMetrics.test_metrics_linegaps_are_zero(): FAIL
Success: Generated OpenType-TTF (/home/travis/build/fontdirectory/astloch/builds/build/Astloch-Bold-TTF.ttf)
$ font2ttf.py sources/Astloch-Regular-TTF.sfd Astloch-Regular-TTF.ttf
### Test Astloch-Bold-TTF.ttf
$ bakery-lint.py result Astloch-Bold-TTF.ttf
bakery_lint.tests.downstream.test_check_unused_glyph_data.CheckUnusedGlyphData.test_check_unused_glyph_data(): ERROR
bakery_lint.tests.downstream.test_check_full_font_name_begins_with_family_name.CheckFullFontNameBeginsWithFamilyName.test_check_full_font_name_begins_with_family_name(): OK
bakery_lint.tests.downstream.test_check_no_problematic_formats.CheckNoProblematicFormats.test_check_no_problematic_formats(): OK
bakery_lint.tests.downstream.test_check_font_tables.CheckFontHasDsigTable.test_check_font_has_dsig_table(): OK
bakery_lint.tests.downstream.test_check_font_tables.CheckFontHasNotKernTable.test_no_kern_table_exists(): OK
bakery_lint.tests.downstream.test_check_italic_angle_agreement.CheckItalicAngleAgreement.test_check_italic_angle_agreement(): OK
bakery_lint.tests.downstream.test_check_fontname_matches_macstyle.CheckFontNameEqualToMacStyleFlags.test_fontname_is_equal_to_macstyle(): FAIL
bakery_lint.tests.downstream.test_check_names_same_across_platforms.CheckNamesSameAcrossPlatforms.test_check_names_same_across_platforms(): OK
bakery_lint.tests.downstream.test_check_name_table_recommendation.CheckStyleNameRecommendation.test_check_stylename_is_under_recommendations(): OK
bakery_lint.tests.downstream.test_check_name_table_recommendation.CheckOTFamilyNameRecommendation.test_check_opentype_familyname(): FAIL
$ bakery-opentype-fix.py /home/travis/build/fontdirectory/astloch/builds/build/Astloch-Bold-TTF.ttf
$ mv /home/travis/build/fontdirectory/astloch/builds/build/Astloch-Bold-TTF.ttf.fix /home/travis/build/fontdirectory/astloch/builds/build/Astloch-Bold-TTF.ttf
bakery_lint.tests.downstream.test_check_name_table_recommendation.CheckOTFamilyNameRecommendation.test_check_opentype_familyname(): OK
bakery_lint.tests.downstream.test_check_name_table_recommendation.CheckOTStyleNameRecommendation.test_check_opentype_stylename(): OK
bakery_lint.tests.downstream.test_check_name_table_recommendation.CheckOTFullNameRecommendation.test_check_opentype_fullname(): OK
bakery_lint.tests.downstream.test_check_glyph_existence.CheckGlyphExistence.test_euro(): FAIL
bakery_lint.tests.downstream.test_check_glyph_existence.CheckGlyphExistence.test_nbsp(): OK
bakery_lint.tests.downstream.test_check_glyph_existence.CheckGlyphExistence.test_space(): OK
bakery_lint.tests.downstream.test_check_font_agreements.CheckFsTypeIsNotSet.test_is_fstype_not_set(): OK
$ bakery-fstype-fix.py --autofix /home/travis/build/fontdirectory/astloch/builds/build/Astloch-Bold-TTF.ttf
$ mv /home/travis/build/fontdirectory/astloch/builds/build/Astloch-Bold-TTF.ttf.fix /home/travis/build/fontdirectory/astloch/builds/build/Astloch-Bold-TTF.ttf
bakery_lint.tests.downstream.test_check_font_agreements.CheckFontAgreements.test_em_is_1000(): FAIL
bakery_lint.tests.downstream.test_check_font_agreements.CheckFontAgreements.test_file_is_font(): OK
bakery_lint.tests.downstream.test_check_font_agreements.CheckFontAgreements.test_font_is_font(): OK
bakery_lint.tests.downstream.test_check_font_agreements.CheckFontAgreements.test_latin_file_exists(): FAIL
bakery_lint.tests.downstream.test_gpos_table_has_kerning_info.CheckGposTableHasKerningInfo.test_gpos_table_has_kerning_info(): OK
bakery_lint.tests.downstream.test_check_os2_width_class.CheckOS2WidthClass.test_check_os2_width_class(): OK
bakery_lint.tests.downstream.test_check_panose_identification.CheckPanoseIdentification.test_check_panose_identification(): OK
bakery_lint.tests.downstream.test_check_upm_heights_less_120.TestCheckUPMHeightsLess120.test_check_upm_heigths_less_120(): FAIL
bakery_lint.tests.downstream.test_check_nbsp_width_matches_sp_width.CheckNbspWidthMatchesSpWidth.test_check_nbsp_width_matches_sp_width(): OK
bakery_lint.tests.downstream.test_check_license_included.CheckLicenseIncluded.test_license_included_in_font_names(): ERROR
$ bakery-vmet-fix.py --autofix /home/travis/build/fontdirectory/astloch/builds/build/Astloch-Bold.ttf /home/travis/build/fontdirectory/astloch/builds/build/Astloch-Regular.ttf
$ bakery-vmet-fix.py --autofix /home/travis/build/fontdirectory/astloch/builds/build/Astloch-Bold.ttf /home/travis/build/fontdirectory/astloch/builds/build/Astloch-Regular.ttf
bakery_lint.tests.downstream.test_check_vertical_metrics.CheckVerticalLinegapMetrics.test_metrics_linegaps_are_zero(): FAIL
$ mv /home/travis/build/fontdirectory/astloch/builds/build/Astloch-Bold.ttf.fix /home/travis/build/fontdirectory/astloch/builds/build/Astloch-Bold.ttf
$ mv /home/travis/build/fontdirectory/astloch/builds/build/Astloch-Regular.ttf.fix /home/travis/build/fontdirectory/astloch/builds/build/Astloch-Regular.ttf
$ bakery-vmet-fix.py /home/travis/build/fontdirectory/astloch/builds/build/Astloch-Bold.ttf /home/travis/build/fontdirectory/astloch/builds/build/Astloch-Regular.ttf
Process Process-8:
Traceback (most recent call last):
  File "/opt/python/2.7.8/lib/python2.7/multiprocessing/process.py", line 258, in _bootstrap
    self.run()
  File "/opt/python/2.7.8/lib/python2.7/multiprocessing/process.py", line 114, in run
    self._target(*self._args, **self._kwargs)
  File "/home/travis/virtualenv/python2.7.8/lib/python2.7/site-packages/bakery_cli/pipe/build.py", line 114, in run_processes
    fontlint.run(filename, pipedata)
  File "/home/travis/virtualenv/python2.7.8/lib/python2.7/site-packages/bakery_cli/pipe/fontlint.py", line 60, in run
    log=self.bakery.logger)
  File "/home/travis/virtualenv/python2.7.8/lib/python2.7/site-packages/bakery_lint/__init__.py", line 27, in run_set
    return run_suite(tests_suite)
  File "/home/travis/virtualenv/python2.7.8/lib/python2.7/site-packages/bakery_lint/base.py", line 246, in run_suite
    runner.run(suite)
  File "/home/travis/virtualenv/python2.7.8/lib/python2.7/site-packages/bakery_lint/base.py", line 171, in run
    test(result)
  File "/opt/python/2.7.8/lib/python2.7/unittest/suite.py", line 70, in __call__
    return self.run(*args, **kwds)
  File "/opt/python/2.7.8/lib/python2.7/unittest/suite.py", line 108, in run
    test(result)
  File "/opt/python/2.7.8/lib/python2.7/unittest/case.py", line 393, in __call__
    return self.run(*args, **kwds)
  File "/opt/python/2.7.8/lib/python2.7/unittest/case.py", line 333, in run
    result.addFailure(self, sys.exc_info())
  File "/home/travis/virtualenv/python2.7.8/lib/python2.7/site-packages/bakery_lint/base.py", line 136, in addFailure
    self.callmethod(test_method.autofix_method, test)
  File "/home/travis/virtualenv/python2.7.8/lib/python2.7/site-packages/bakery_lint/base.py", line 91, in callmethod
    getattr(mod, methodname.split('.')[-1])(test)
  File "/home/travis/virtualenv/python2.7.8/lib/python2.7/site-packages/bakery_cli/pipe/autofix.py", line 132, in fix_metrics
    testcase.operator.debug(metricview(paths))
  File "/home/travis/virtualenv/python2.7.8/lib/python2.7/site-packages/bakery_cli/scripts/vmet.py", line 41, in metricview
    metrics = Font(f)
  File "/home/travis/virtualenv/python2.7.8/lib/python2.7/site-packages/bakery_cli/ttfont.py", line 43, in __init__
    self.ttfont = ttLib.TTFont(fontpath)
  File "/home/travis/virtualenv/python2.7.8/lib/python2.7/site-packages/FontTools/fontTools/ttLib/__init__.py", line 166, in __init__
    self.reader = sfnt.SFNTReader(file, checkChecksums, fontNumber=fontNumber)
  File "/home/travis/virtualenv/python2.7.8/lib/python2.7/site-packages/FontTools/fontTools/ttLib/sfnt.py", line 49, in __init__
    sstruct.unpack(sfntDirectoryFormat, self.file.read(sfntDirectorySize), self)
  File "/home/travis/virtualenv/python2.7.8/lib/python2.7/site-packages/FontTools/fontTools/misc/sstruct.py", line 87, in unpack
    elements = struct.unpack(formatstring, data)
error: unpack requires a string argument of length 12
$ mv /home/travis/build/fontdirectory/astloch/builds/build/Astloch-Bold.ttf.fix /home/travis/build/fontdirectory/astloch/builds/build/Astloch-Bold.ttf
Error: 
$ mv /home/travis/build/fontdirectory/astloch/builds/build/Astloch-Regular.ttf.fix /home/travis/build/fontdirectory/astloch/builds/build/Astloch-Regular.ttf
$ bakery-vmet-fix.py /home/travis/build/fontdirectory/astloch/builds/build/Astloch-Bold.ttf /home/travis/build/fontdirectory/astloch/builds/build/Astloch-Regular.ttf
Success: Generated OpenType-TTF (/home/travis/build/fontdirectory/astloch/builds/build/Astloch-Regular-TTF.ttf)
### Test Astloch-Regular-TTF.ttf
$ bakery-lint.py result Astloch-Regular-TTF.ttf
$ bakery-vmet-fix.py --autofix /home/travis/build/fontdirectory/astloch/builds/build/Astloch-Bold.ttf /home/travis/build/fontdirectory/astloch/builds/build/Astloch-Regular.ttf /home/travis/build/fontdirectory/astloch/builds/build/Astloch-Bold-TTF.ttf
### (5 of 6) Generate METADATA.json (genmetadata.py)
$ genmetadata.py /home/travis/build/fontdirectory/astloch/builds/build
{} exists
No Designer Name known, using Multiple Designers for now...
bakery_lint.tests.downstream.test_check_unused_glyph_data.CheckUnusedGlyphData.test_check_unused_glyph_data(): ERROR
bakery_lint.tests.downstream.test_check_full_font_name_begins_with_family_name.CheckFullFontNameBeginsWithFamilyName.test_check_full_font_name_begins_with_family_name(): OK
bakery_lint.tests.downstream.test_check_no_problematic_formats.CheckNoProblematicFormats.test_check_no_problematic_formats(): OK
bakery_lint.tests.downstream.test_check_font_tables.CheckFontHasDsigTable.test_check_font_has_dsig_table(): OK
bakery_lint.tests.downstream.test_check_font_tables.CheckFontHasNotKernTable.test_no_kern_table_exists(): OK
bakery_lint.tests.downstream.test_check_italic_angle_agreement.CheckItalicAngleAgreement.test_check_italic_angle_agreement(): OK
bakery_lint.tests.downstream.test_check_fontname_matches_macstyle.CheckFontNameEqualToMacStyleFlags.test_fontname_is_equal_to_macstyle(): FAIL
bakery_lint.tests.downstream.test_check_names_same_across_platforms.CheckNamesSameAcrossPlatforms.test_check_names_same_across_platforms(): OK
bakery_lint.tests.downstream.test_check_name_table_recommendation.CheckStyleNameRecommendation.test_check_stylename_is_under_recommendations(): OK
bakery_lint.tests.downstream.test_check_name_table_recommendation.CheckOTFamilyNameRecommendation.test_check_opentype_familyname(): FAIL
$ bakery-opentype-fix.py /home/travis/build/fontdirectory/astloch/builds/build/Astloch-Regular-TTF.ttf
$ mv /home/travis/build/fontdirectory/astloch/builds/build/Astloch-Regular-TTF.ttf.fix /home/travis/build/fontdirectory/astloch/builds/build/Astloch-Regular-TTF.ttf
Original size: 50800\nGzip size: 23944
bakery_lint.tests.downstream.test_check_name_table_recommendation.CheckOTFamilyNameRecommendation.test_check_opentype_familyname(): OK
Family Name: Astloch
PS Name: Astloch-Bold
Full Name: Astloch Bold
bakery_lint.tests.downstream.test_check_name_table_recommendation.CheckOTStyleNameRecommendation.test_check_opentype_stylename(): OK
Style: normal
bakery_lint.tests.downstream.test_check_name_table_recommendation.CheckOTFullNameRecommendation.test_check_opentype_fullname(): OK
Weight: 700
Filename: Astloch-Bold.ttf
Copyright:
Family Name: Astloch
PS Name: Astloch
Full Name: Astloch
bakery_lint.tests.downstream.test_check_glyph_existence.CheckGlyphExistence.test_euro(): FAIL
Style: normal
Weight: 400
Filename: Astloch-Regular.ttf
Copyright:
bakery_lint.tests.downstream.test_check_glyph_existence.CheckGlyphExistence.test_nbsp(): OK
Family Name: Astloch
PS Name: Astloch
Full Name: Astloch
Style: normal
bakery_lint.tests.downstream.test_check_glyph_existence.CheckGlyphExistence.test_space(): OK
Weight: 400
Filename: Astloch-Regular-TTF.ttf
Copyright:
Family Name: Astloch
bakery_lint.tests.downstream.test_check_font_agreements.CheckFsTypeIsNotSet.test_is_fstype_not_set(): OK
PS Name: Astloch-Bold
$ bakery-fstype-fix.py --autofix /home/travis/build/fontdirectory/astloch/builds/build/Astloch-Regular-TTF.ttf
Full Name: Astloch Bold
Style: normal
Weight: 700
Filename: Astloch-Bold-TTF.ttf
Copyright:
$ mv /home/travis/build/fontdirectory/astloch/builds/build/Astloch-Regular-TTF.ttf.fix /home/travis/build/fontdirectory/astloch/builds/build/Astloch-Regular-TTF.ttf
### (6 of 6) Run tests for METADATA.json
$ bakery-lint.py metadata METADATA.json
bakery_lint.tests.downstream.test_check_font_agreements.CheckFontAgreements.test_em_is_1000(): FAIL
bakery_lint.tests.downstream.test_check_font_agreements.CheckFontAgreements.test_file_is_font(): OK
bakery_lint.tests.downstream.test_check_font_agreements.CheckFontAgreements.test_font_is_font(): OK
bakery_lint.tests.downstream.test_check_font_agreements.CheckFontAgreements.test_latin_file_exists(): FAIL
bakery_lint.tests.metadata_test.MetadataSubsetsListTest.test_charset_latin(): FAIL
bakery_lint.tests.metadata_test.MetadataSubsetsListTest.test_charset_menu(): FAIL
bakery_lint.tests.metadata_test.MetadataTest.test_description_is_more_than_500b(): FAIL
bakery_lint.tests.metadata_test.MetadataTest.test_description_is_valid_html(): FAIL
Parameter              Astloch-Bold.ttf    Astloch-Regular.ttf    
ymax                   2035                1934                   
hhea.ascent            2035                2035                   
OS/2.sTypoAscender     2035                2035                   
OS/2.usWinAscent       2035                2035                   
ymin                   -462                -376                   
hhea.descent           -462                -462                   
OS/2.sTypoDescender    -462                -462                   
OS/2.usWinDescent      462                 462                    
hhea.lineGap           0                   0                      
OS/2.sTypoLineGap      0                   0                      
hhea total             2497                2497                   
typo total             2497                2497                   
win total              2497                2497                   
UPM:Heights            2048:2497           2048:2310              
UPM:Heights %          121 %               112 %                  


bakery_lint.tests.downstream.test_gpos_table_has_kerning_info.CheckGposTableHasKerningInfo.test_gpos_table_has_kerning_info(): OK
bakery_lint.tests.downstream.test_check_os2_width_class.CheckOS2WidthClass.test_check_os2_width_class(): OK
bakery_lint.tests.downstream.test_check_panose_identification.CheckPanoseIdentification.test_check_panose_identification(): OK
bakery_lint.tests.downstream.test_check_upm_heights_less_120.TestCheckUPMHeightsLess120.test_check_upm_heigths_less_120(): FAIL
bakery_lint.tests.downstream.test_check_nbsp_width_matches_sp_width.CheckNbspWidthMatchesSpWidth.test_check_nbsp_width_matches_sp_width(): OK
bakery_lint.tests.downstream.test_check_license_included.CheckLicenseIncluded.test_license_included_in_font_names(): ERROR
bakery_lint.tests.metadata_test.MetadataTest.test_does_not_familyName_exist_in_daltonmaag_catalogue(): FAIL
bakery_lint.tests.metadata_test.MetadataTest.test_does_not_familyName_exist_in_fontbureau_catalogue(): OK
$ mv /home/travis/build/fontdirectory/astloch/builds/build/Astloch-Bold.ttf.fix /home/travis/build/fontdirectory/astloch/builds/build/Astloch-Bold.ttf
$ mv /home/travis/build/fontdirectory/astloch/builds/build/Astloch-Regular.ttf.fix /home/travis/build/fontdirectory/astloch/builds/build/Astloch-Regular.ttf
$ mv /home/travis/build/fontdirectory/astloch/builds/build/Astloch-Bold-TTF.ttf.fix /home/travis/build/fontdirectory/astloch/builds/build/Astloch-Bold-TTF.ttf
$ bakery-vmet-fix.py /home/travis/build/fontdirectory/astloch/builds/build/Astloch-Bold.ttf /home/travis/build/fontdirectory/astloch/builds/build/Astloch-Regular.ttf /home/travis/build/fontdirectory/astloch/builds/build/Astloch-Bold-TTF.ttf
bakery_lint.tests.downstream.test_check_vertical_metrics.CheckVerticalLinegapMetrics.test_metrics_linegaps_are_zero(): FAIL
bakery_lint.tests.downstream.test_check_vertical_metrics.CheckVerticalLinegapMetrics.test_metrics_linegaps_are_zero(): FAIL
$ bakery-vmet-fix.py --autofix /home/travis/build/fontdirectory/astloch/builds/build/Astloch-Bold.ttf /home/travis/build/fontdirectory/astloch/builds/build/Astloch-Regular.ttf /home/travis/build/fontdirectory/astloch/builds/build/Astloch-Regular-TTF.ttf /home/travis/build/fontdirectory/astloch/builds/build/Astloch-Bold-TTF.ttf
Parameter              Astloch-Bold.ttf    Astloch-Regular.ttf    Astloch-Bold-TTF.ttf    
ymax                   2035                1934                   2035                    
hhea.ascent            2035                2035                   2035                    
OS/2.sTypoAscender     2035                2035                   2035                    
OS/2.usWinAscent       2035                2035                   2035                    
ymin                   -462                -376                   -462                    
hhea.descent           -462                -462                   -462                    
OS/2.sTypoDescender    -462                -462                   -462                    
OS/2.usWinDescent      462                 462                    462                     
hhea.lineGap           0                   0                      0                       
OS/2.sTypoLineGap      0                   0                      0                       
hhea total             2497                2497                   2497                    
typo total             2497                2497                   2497                    
win total              2497                2497                   2497                    
UPM:Heights            2048:2497           2048:2310              2048:2497               
UPM:Heights %          121 %               112 %                  121 %                   


bakery_lint.tests.downstream.test_check_vertical_metrics.CheckVerticalLinegapMetrics.test_metrics_linegaps_are_zero(): FAIL
bakery_lint.tests.downstream.test_check_vertical_metrics.CheckVerticalAscentMetrics.test_metrics_ascents_equal_bbox(): FAIL
$ mv /home/travis/build/fontdirectory/astloch/builds/build/Astloch-Bold.ttf.fix /home/travis/build/fontdirectory/astloch/builds/build/Astloch-Bold.ttf
$ mv /home/travis/build/fontdirectory/astloch/builds/build/Astloch-Regular.ttf.fix /home/travis/build/fontdirectory/astloch/builds/build/Astloch-Regular.ttf
$ mv /home/travis/build/fontdirectory/astloch/builds/build/Astloch-Regular-TTF.ttf.fix /home/travis/build/fontdirectory/astloch/builds/build/Astloch-Regular-TTF.ttf
$ mv /home/travis/build/fontdirectory/astloch/builds/build/Astloch-Bold-TTF.ttf.fix /home/travis/build/fontdirectory/astloch/builds/build/Astloch-Bold-TTF.ttf
$ bakery-vmet-fix.py /home/travis/build/fontdirectory/astloch/builds/build/Astloch-Bold.ttf /home/travis/build/fontdirectory/astloch/builds/build/Astloch-Regular.ttf /home/travis/build/fontdirectory/astloch/builds/build/Astloch-Regular-TTF.ttf /home/travis/build/fontdirectory/astloch/builds/build/Astloch-Bold-TTF.ttf
bakery_lint.tests.metadata_test.MetadataTest.test_does_not_familyName_exist_in_fontscom_catalogue(): OK
$ bakery-vmet-fix.py --autofix /home/travis/build/fontdirectory/astloch/builds/build/Astloch-Bold.ttf /home/travis/build/fontdirectory/astloch/builds/build/Astloch-Regular.ttf /home/travis/build/fontdirectory/astloch/builds/build/Astloch-Regular-TTF.ttf /home/travis/build/fontdirectory/astloch/builds/build/Astloch-Bold-TTF.ttf
bakery_lint.tests.metadata_test.MetadataTest.test_does_not_familyName_exist_in_fontshop_catalogue(): FAIL
Parameter              Astloch-Bold.ttf    Astloch-Regular.ttf    Astloch-Regular-TTF.ttf    Astloch-Bold-TTF.ttf    
ymax                   2035                1934                   1934                       2035                    
hhea.ascent            2035                2035                   2035                       2035                    
OS/2.sTypoAscender     2035                2035                   2035                       2035                    
OS/2.usWinAscent       2035                2035                   2035                       2035                    
ymin                   -462                -376                   -376                       -462                    
hhea.descent           -462                -462                   -462                       -462                    
OS/2.sTypoDescender    -462                -462                   -462                       -462                    
OS/2.usWinDescent      462                 462                    462                        462                     
hhea.lineGap           0                   0                      0                          0                       
OS/2.sTypoLineGap      0                   0                      0                          0                       
hhea total             2497                2497                   2497                       2497                    
typo total             2497                2497                   2497                       2497                    
win total              2497                2497                   2497                       2497                    
UPM:Heights            2048:2497           2048:2310              2048:2310                  2048:2497               
UPM:Heights %          121 %               112 %                  112 %                      121 %                   


bakery_lint.tests.downstream.test_check_vertical_metrics.CheckVerticalAscentMetrics.test_metrics_ascents_equal_bbox(): OK
$ mv /home/travis/build/fontdirectory/astloch/builds/build/Astloch-Bold.ttf.fix /home/travis/build/fontdirectory/astloch/builds/build/Astloch-Bold.ttf
$ mv /home/travis/build/fontdirectory/astloch/builds/build/Astloch-Regular.ttf.fix /home/travis/build/fontdirectory/astloch/builds/build/Astloch-Regular.ttf
$ mv /home/travis/build/fontdirectory/astloch/builds/build/Astloch-Regular-TTF.ttf.fix /home/travis/build/fontdirectory/astloch/builds/build/Astloch-Regular-TTF.ttf
$ mv /home/travis/build/fontdirectory/astloch/builds/build/Astloch-Bold-TTF.ttf.fix /home/travis/build/fontdirectory/astloch/builds/build/Astloch-Bold-TTF.ttf
$ bakery-vmet-fix.py /home/travis/build/fontdirectory/astloch/builds/build/Astloch-Bold.ttf /home/travis/build/fontdirectory/astloch/builds/build/Astloch-Regular.ttf /home/travis/build/fontdirectory/astloch/builds/build/Astloch-Regular-TTF.ttf /home/travis/build/fontdirectory/astloch/builds/build/Astloch-Bold-TTF.ttf
bakery_lint.tests.downstream.test_check_vertical_metrics.CheckVerticalLinegapMetrics.test_metrics_linegaps_are_zero(): OK
bakery_lint.tests.metadata_test.MetadataTest.test_does_not_familyName_exist_in_fontsmith_catalogue(): OK
bakery_lint.tests.metadata_test.MetadataTest.test_does_not_familyName_exist_in_houseind_catalogue(): OK
bakery_lint.tests.metadata_test.MetadataTest.test_does_not_familyName_exist_in_myfonts_catalogue(): OK
Parameter              Astloch-Bold.ttf    Astloch-Regular.ttf    Astloch-Regular-TTF.ttf    Astloch-Bold-TTF.ttf    
ymax                   2035                1934                   1934                       2035                    
hhea.ascent            2035                2035                   2035                       2035                    
OS/2.sTypoAscender     2035                2035                   2035                       2035                    
OS/2.usWinAscent       2035                2035                   2035                       2035                    
ymin                   -462                -376                   -376                       -462                    
hhea.descent           -462                -462                   -462                       -462                    
OS/2.sTypoDescender    -462                -462                   -462                       -462                    
OS/2.usWinDescent      462                 462                    462                        462                     
hhea.lineGap           0                   0                      0                          0                       
OS/2.sTypoLineGap      0                   0                      0                          0                       
hhea total             2497                2497                   2497                       2497                    
typo total             2497                2497                   2497                       2497                    
win total              2497                2497                   2497                       2497                    
UPM:Heights            2048:2497           2048:2310              2048:2310                  2048:2497               
UPM:Heights %          121 %               112 %                  112 %                      121 %                   


bakery_lint.tests.metadata_test.MetadataTest.test_does_not_familyName_exist_in_veer_catalogue(): OK
bakery_lint.tests.downstream.test_check_vertical_metrics.CheckVerticalDescentMetrics.test_metrics_descents_equal_bbox(): OK
bakery_lint.tests.downstream.test_gasp_table_value.CheckGaspTableType.test_check_gasp_table_type(): FAIL
$ bakery-gasp.py --set=15 /home/travis/build/fontdirectory/astloch/builds/build/Astloch-Bold-TTF.ttf
$ mv /home/travis/build/fontdirectory/astloch/builds/build/Astloch-Bold-TTF.ttf.fix /home/travis/build/fontdirectory/astloch/builds/build/Astloch-Bold-TTF.ttf
bakery_lint.tests.downstream.test_gasp_table_value.CheckGaspTableType.test_check_gasp_table_type(): OK
$ bakery-gasp.py --set=15 /home/travis/build/fontdirectory/astloch/builds/build/Astloch-Bold-TTF.ttf
$ mv /home/travis/build/fontdirectory/astloch/builds/build/Astloch-Bold-TTF.ttf.fix /home/travis/build/fontdirectory/astloch/builds/build/Astloch-Bold-TTF.ttf
bakery_lint.tests.downstream.test_check_unencoded_glyph.TestFontUnencodedGlyph.test_font_unencoded_glyphs(): FAIL
$ bakery-encode-glyphs-fix.py --autofix /home/travis/build/fontdirectory/astloch/builds/build/Astloch-Bold-TTF.ttf
bakery_lint.tests.metadata_test.MetadataTest.test_family_is_listed_in_gwf(): OK
bakery_lint.tests.metadata_test.MetadataTest.test_metadata_atleast_latin_menu_subsets_exist(): OK
$ mv /home/travis/build/fontdirectory/astloch/builds/build/Astloch-Bold-TTF.ttf.fix /home/travis/build/fontdirectory/astloch/builds/build/Astloch-Bold-TTF.ttf
bakery_lint.tests.downstream.test_check_unencoded_glyph.TestFontUnencodedGlyph.test_font_unencoded_glyphs(): FAIL
bakery_lint.tests.downstream.test_check_hmtx_hhea_max_advance_width_agreement.CheckHmtxHheaMaxAdvanceWidthAgreement.test_check_hmtx_hhea_max_advance_width_agreement(): OK
bakery_lint.tests.downstream.test_check_magic_prep_code.CheckMagicPREPByteCode.test_prep_magic_code(): OK
bakery_lint.tests.downstream.test_names_are_ascii_only.CheckNamesAreASCIIOnly.test_check_names_are_ascii_only(): OK
bakery_lint.tests.downstream.test_check_glyf_table_length.CheckGlyfTableLength.test_check_glyf_table_length(): FAIL
The following table(s) in the font have been ignored by FontForge
  Ignoring 'DSIG' digital signature table
/home/travis/virtualenv/python2.7.8/lib/python2.7/site-packages/bakery_lint/tests/metadata_test.py:141: UnicodeWarning: Unicode equal comparison failed to convert both arguments to Unicode - interpreting them as being unequal
  self.assertTrue(designer in designers,
bakery_lint.tests.metadata_test.MetadataTest.test_metadata_designer_exists_in_profiles_csv(): OK
bakery_lint.tests.metadata_test.MetadataTest.test_metadata_fonts_items_dicts(): OK
bakery_lint.tests.metadata_test.MetadataTest.test_metadata_fonts_key_list(): OK
bakery_lint.tests.metadata_test.MetadataTest.test_metadata_fonts_no_dupes(): OK
bakery_lint.tests.metadata_test.MetadataTest.test_metadata_has_unique_style_weight_pairs(): OK
bakery_lint.tests.metadata_test.MetadataTest.test_metadata_keys(): OK
bakery_lint.tests.metadata_test.MetadataTest.test_metadata_license(): OK
bakery_lint.tests.metadata_test.MetadataTest.test_metadata_no_unknown_top_keys(): OK
bakery_lint.tests.metadata_test.MetadataTest.test_metadata_subsets_key_list(): OK
bakery_lint.tests.metadata_test.MetadataTest.test_metadata_top_keys_types(): FAIL
bakery_lint.tests.downstream.test_check_canonical_filenames.CheckCanonicalFilenames.test_check_canonical_filenames(): OK
bakery_lint.tests.downstream.test_check_canonical_weights.CheckCanonicalWeights.test_check_canonical_weights(): OK
bakery_lint.tests.downstream.test_check_canonical_weights.CheckPostScriptNameMatchesWeight.test_postscriptname_contains_correct_weight(): FAIL
bakery_lint.tests.downstream.test_check_canonical_weights.CheckFontWeightSameAsInMetadata.test_font_weight_same_as_in_metadata(): OK
bakery_lint.tests.downstream.test_check_canonical_weights.CheckFullNameEqualCanonicalName.test_metadata_contains_current_font(): OK
bakery_lint.tests.downstream.test_metadata_font_copyright.CheckMetadataContainsReservedFontName.test_copyright_contains_correct_rfn(): OK
bakery_lint.tests.downstream.test_metadata_font_copyright.CheckMetadataContainsReservedFontName.test_copyright_is_consistent_across_family(): OK
bakery_lint.tests.downstream.test_metadata_font_copyright.CheckMetadataContainsReservedFontName.test_copyright_matches_pattern(): OK
bakery_lint.tests.downstream.test_metadata_font_copyright.CheckMetadataContainsReservedFontName.test_metadata_copyright_size(): OK
bakery_lint.tests.downstream.test_check_canonical_styles.CheckCanonicalStyles.test_check_canonical_styles(): OK
bakery_lint.tests.downstream.test_check_menu_contains_proper_glyphs.CheckMenuSubsetContainsProperGlyphs.test_check_menu_contains_proper_glyphs(): ERROR
bakery_lint.tests.downstream.test_check_text_files_exist.CheckTextFilesExist.test_copyrighttxt_exists(): FAIL
bakery_lint.tests.downstream.test_check_text_files_exist.CheckTextFilesExist.test_description_exists(): OK
bakery_lint.tests.downstream.test_check_text_files_exist.CheckTextFilesExist.test_fontlogtxt_exists(): FAIL
bakery_lint.tests.downstream.test_check_text_files_exist.CheckTextFilesExist.test_licensetxt_exists(): FAIL
bakery_lint.tests.downstream.test_check_metadata_matches_nametable.CheckMetadataMatchesNameTable.test_check_metadata_matches_nametable(): OK
bakery_lint.tests.downstream.test_check_files_menu_agreements.CheckFontsMenuAgreements.test_menu_file_agreement(): FAIL
bakery_lint.tests.downstream.test_check_metadata_fields.CheckMetadataFields.test_check_metadata_fields(): OK
bakery_lint.tests.downstream.test_check_subsets_exists.CheckSubsetsExist.test_check_subsets_exists(): FAIL
bakery_lint.tests.downstream.test_check_metadata_style_matches_names.CheckItalicStyleMatchesMacStyle.test_check_italic_style_matches_names(): OK
bakery_lint.tests.downstream.test_check_metadata_style_matches_names.CheckNormalStyleMatchesMacStyle.test_check_normal_style_matches_names(): OK
bakery_lint.tests.downstream.test_metadata_agreements.CheckMetadataAgreements.test_font_name_matches_family(): OK
bakery_lint.tests.downstream.test_metadata_agreements.CheckMetadataAgreements.test_metadata_family(): OK
bakery_lint.tests.downstream.test_metadata_agreements.CheckMetadataAgreements.test_metadata_family_values_are_all_the_same(): OK
bakery_lint.tests.downstream.test_metadata_agreements.CheckMetadataAgreements.test_metadata_filename_matches_postScriptName(): FAIL
bakery_lint.tests.downstream.test_metadata_agreements.CheckMetadataAgreements.test_metadata_font_have_regular(): OK
bakery_lint.tests.downstream.test_metadata_agreements.CheckMetadataAgreements.test_metadata_fonts_fields_have_fontname(): OK
bakery_lint.tests.downstream.test_metadata_agreements.CheckMetadataAgreements.test_metadata_fullname_is_equal_to_internal_font_fullname(): OK
bakery_lint.tests.downstream.test_metadata_agreements.CheckMetadataAgreements.test_metadata_fullname_matches_postScriptName(): OK
bakery_lint.tests.downstream.test_metadata_agreements.CheckMetadataAgreements.test_metadata_postScriptName_matches_ttf_fontname(): OK
bakery_lint.tests.downstream.test_metadata_agreements.CheckMetadataAgreements.test_metadata_regular_is_400(): FAIL
bakery_lint.tests.downstream.test_metadata_agreements.CheckMetadataAgreements.test_metadata_regular_is_normal(): FAIL
bakery_lint.tests.downstream.test_check_font_name_not_in_camelcase.CheckFontNameNotInCamelCase.test_fontname_not_in_camel_case(): OK
bakery_lint.tests.downstream.test_check_monospace_agreements.CheckMonospaceAgreement.test_check_monospace_agreement(): OK
bakery_lint.tests.downstream.test_check_glyph_consistency.CheckGlyphConsistencyInFamily.test_the_same_encodings_of_glyphs_across_family(): OK
bakery_lint.tests.downstream.test_check_glyph_consistency.CheckGlyphConsistencyInFamily.test_the_same_names_of_glyphs_across_family(): FAIL
bakery_lint.tests.downstream.test_check_glyph_consistency.CheckGlyphConsistencyInFamily.test_the_same_number_of_glyphs_across_family(): FAIL
bakery_lint.tests.downstream.test_check_familyname_matches_fontnames.CheckFamilyNameMatchesFontNames.test_check_familyname_matches_fontnames(): OK
bakery_lint.tests.downstream.test_check_vertical_metrics.CheckVerticalAscentMetrics.test_metrics_ascents_equal_bbox(): OK
bakery_lint.tests.downstream.test_fontforge_validation_state.FontForgeValidateStateTest.test_allowed_numbers_paths_in_composite_glyphs(): OK
bakery_lint.tests.downstream.test_fontforge_validation_state.FontForgeValidateStateTest.test_allowed_numbers_paths_in_glyphs(): OK
bakery_lint.tests.downstream.test_fontforge_validation_state.FontForgeValidateStateTest.test_allowed_numbers_points_in_composite_glyphs(): OK
bakery_lint.tests.downstream.test_fontforge_validation_state.FontForgeValidateStateTest.test_allowed_numbers_points_in_glyphs(): OK
bakery_lint.tests.downstream.test_fontforge_validation_state.FontForgeValidateStateTest.test_duplicate_glyphs(): OK
bakery_lint.tests.downstream.test_fontforge_validation_state.FontForgeValidateStateTest.test_duplicate_unicode_codepoints(): OK
bakery_lint.tests.downstream.test_fontforge_validation_state.FontForgeValidateStateTest.test_flipped_reference_in_glyphs(): OK
bakery_lint.tests.downstream.test_fontforge_validation_state.FontForgeValidateStateTest.test_missing_anchors(): OK
bakery_lint.tests.downstream.test_fontforge_validation_state.FontForgeValidateStateTest.test_missing_extrema_in_glyphs(): FAIL
bakery_lint.tests.downstream.test_fontforge_validation_state.FontForgeValidateStateTest.test_overlapped_hints(): OK
bakery_lint.tests.downstream.test_fontforge_validation_state.FontForgeValidateStateTest.test_points_are_integer_aligned(): OK
bakery_lint.tests.downstream.test_fontforge_validation_state.FontForgeValidateStateTest.test_points_are_not_too_far_apart(): OK
bakery_lint.tests.downstream.test_fontforge_validation_state.FontForgeValidateStateTest.test_postscript_hasnt_limit_hints_in_glyphs(): OK
bakery_lint.tests.downstream.test_fontforge_validation_state.FontForgeValidateStateTest.test_postscript_hasnt_limit_points_in_glyphs(): OK
bakery_lint.tests.downstream.test_fontforge_validation_state.FontForgeValidateStateTest.test_referenced_glyphs_are_present(): OK
bakery_lint.tests.downstream.test_fontforge_validation_state.FontForgeValidateStateTest.test_valid_glyph_names(): OK
bakery_lint.tests.downstream.test_fontforge_validation_state.FontForgeValidateStateTest.test_valid_length_instructions(): OK
bakery_lint.tests.downstream.test_fontforge_validation_state.FontForgeValidateStateTest.test_validation_glyph_intersect(): OK
bakery_lint.tests.downstream.test_fontforge_validation_state.FontForgeValidateStateTest.test_validation_open_contours(): OK
bakery_lint.tests.downstream.test_fontforge_validation_state.FontForgeValidateStateTest.test_wrong_direction_in_glyphs(): OK
### Optimize TTF Astloch-Bold-TTF.ttf
bakery_lint.tests.downstream.test_check_vertical_metrics.CheckVerticalAscentMetrics.test_metrics_ascents_equal_bbox(): OK
$ ls -l 'Astloch-Bold-TTF.ttf'* # look at the size savings of that subset process
Astloch-Bold-TTF.ttf.opt: 48912 bytes
Astloch-Bold-TTF.ttf: 50080 bytes
$ mv /home/travis/build/fontdirectory/astloch/builds/build/Astloch-Bold-TTF.ttf.opt /home/travis/build/fontdirectory/astloch/builds/build/Astloch-Bold-TTF.ttf
### Autohint TTFs (ttfautohint) Astloch-Bold-TTF.ttf
$ ls -l /home/travis/build/fontdirectory/astloch/builds/build/Astloch-Bold-TTF.*ttf # look at the size savings of that subset process
/home/travis/build/fontdirectory/astloch/builds/build/Astloch-Bold-TTF.ttf: 48912 bytes
/home/travis/build/fontdirectory/astloch/builds/build/Astloch-Bold-TTF.autohint.ttf: 64380 bytes
$ mv /home/travis/build/fontdirectory/astloch/builds/build/Astloch-Bold-TTF.autohint.ttf /home/travis/build/fontdirectory/astloch/builds/build/Astloch-Bold-TTF.ttf
### Subset TTFs (pyftsubset) Astloch-Bold-TTF.ttf
Generate Astloch-Bold-TTF.latin
bakery_lint.tests.downstream.test_check_vertical_metrics.CheckVerticalDescentMetrics.test_metrics_descents_equal_bbox(): OK
bakery_lint.tests.downstream.test_gasp_table_value.CheckGaspTableType.test_check_gasp_table_type(): FAIL
$ bakery-gasp.py --set=15 /home/travis/build/fontdirectory/astloch/builds/build/Astloch-Regular-TTF.ttf
$ mv /home/travis/build/fontdirectory/astloch/builds/build/Astloch-Regular-TTF.ttf.fix /home/travis/build/fontdirectory/astloch/builds/build/Astloch-Regular-TTF.ttf
bakery_lint.tests.downstream.test_gasp_table_value.CheckGaspTableType.test_check_gasp_table_type(): OK
$ bakery-gasp.py --set=15 /home/travis/build/fontdirectory/astloch/builds/build/Astloch-Regular-TTF.ttf
$ mv /home/travis/build/fontdirectory/astloch/builds/build/Astloch-Regular-TTF.ttf.fix /home/travis/build/fontdirectory/astloch/builds/build/Astloch-Regular-TTF.ttf
bakery_lint.tests.downstream.test_check_unencoded_glyph.TestFontUnencodedGlyph.test_font_unencoded_glyphs(): FAIL
$ bakery-encode-glyphs-fix.py --autofix /home/travis/build/fontdirectory/astloch/builds/build/Astloch-Regular-TTF.ttf
$ mv /home/travis/build/fontdirectory/astloch/builds/build/Astloch-Regular-TTF.ttf.fix /home/travis/build/fontdirectory/astloch/builds/build/Astloch-Regular-TTF.ttf
bakery_lint.tests.downstream.test_check_unencoded_glyph.TestFontUnencodedGlyph.test_font_unencoded_glyphs(): FAIL
bakery_lint.tests.downstream.test_check_hmtx_hhea_max_advance_width_agreement.CheckHmtxHheaMaxAdvanceWidthAgreement.test_check_hmtx_hhea_max_advance_width_agreement(): OK
bakery_lint.tests.downstream.test_check_magic_prep_code.CheckMagicPREPByteCode.test_prep_magic_code(): OK
bakery_lint.tests.downstream.test_names_are_ascii_only.CheckNamesAreASCIIOnly.test_check_names_are_ascii_only(): OK
bakery_lint.tests.downstream.test_check_glyf_table_length.CheckGlyfTableLength.test_check_glyf_table_length(): FAIL
The following table(s) in the font have been ignored by FontForge
  Ignoring 'DSIG' digital signature table
Generate Astloch-Bold-TTF.menu
strippedname:/home/travis/build/fontdirectory/astloch/builds/build/Astloch-Bold-TTF.ttf
bakery_lint.tests.downstream.test_fontforge_validation_state.FontForgeValidateStateTest.test_allowed_numbers_paths_in_composite_glyphs(): OK
bakery_lint.tests.downstream.test_fontforge_validation_state.FontForgeValidateStateTest.test_allowed_numbers_paths_in_glyphs(): OK
bakery_lint.tests.downstream.test_fontforge_validation_state.FontForgeValidateStateTest.test_allowed_numbers_points_in_composite_glyphs(): OK
bakery_lint.tests.downstream.test_fontforge_validation_state.FontForgeValidateStateTest.test_allowed_numbers_points_in_glyphs(): OK
bakery_lint.tests.downstream.test_fontforge_validation_state.FontForgeValidateStateTest.test_duplicate_glyphs(): OK
bakery_lint.tests.downstream.test_fontforge_validation_state.FontForgeValidateStateTest.test_duplicate_unicode_codepoints(): OK
bakery_lint.tests.downstream.test_fontforge_validation_state.FontForgeValidateStateTest.test_flipped_reference_in_glyphs(): OK
bakery_lint.tests.downstream.test_fontforge_validation_state.FontForgeValidateStateTest.test_missing_anchors(): OK
bakery_lint.tests.downstream.test_fontforge_validation_state.FontForgeValidateStateTest.test_missing_extrema_in_glyphs(): FAIL
bakery_lint.tests.downstream.test_fontforge_validation_state.FontForgeValidateStateTest.test_overlapped_hints(): OK
bakery_lint.tests.downstream.test_fontforge_validation_state.FontForgeValidateStateTest.test_points_are_integer_aligned(): OK
bakery_lint.tests.downstream.test_fontforge_validation_state.FontForgeValidateStateTest.test_points_are_not_too_far_apart(): OK
bakery_lint.tests.downstream.test_fontforge_validation_state.FontForgeValidateStateTest.test_postscript_hasnt_limit_hints_in_glyphs(): OK
bakery_lint.tests.downstream.test_fontforge_validation_state.FontForgeValidateStateTest.test_postscript_hasnt_limit_points_in_glyphs(): OK
bakery_lint.tests.downstream.test_fontforge_validation_state.FontForgeValidateStateTest.test_referenced_glyphs_are_present(): OK
bakery_lint.tests.downstream.test_fontforge_validation_state.FontForgeValidateStateTest.test_valid_glyph_names(): OK
bakery_lint.tests.downstream.test_fontforge_validation_state.FontForgeValidateStateTest.test_valid_length_instructions(): OK
bakery_lint.tests.downstream.test_fontforge_validation_state.FontForgeValidateStateTest.test_validation_glyph_intersect(): OK
bakery_lint.tests.downstream.test_fontforge_validation_state.FontForgeValidateStateTest.test_validation_open_contours(): OK
bakery_lint.tests.downstream.test_fontforge_validation_state.FontForgeValidateStateTest.test_wrong_direction_in_glyphs(): OK
bakery_lint.tests.downstream.test_check_vertical_metrics.CheckVerticalDescentMetrics.test_metrics_descents_equal_bbox(): OK
bakery_lint.tests.downstream.test_gasp_table_value.CheckGaspTableType.test_check_gasp_table_type(): FAIL
$ bakery-gasp.py --set=15 /home/travis/build/fontdirectory/astloch/builds/build/Astloch-Bold.ttf
no table gasp
$ mv /home/travis/build/fontdirectory/astloch/builds/build/Astloch-Bold.ttf.fix /home/travis/build/fontdirectory/astloch/builds/build/Astloch-Bold.ttf
bakery_lint.tests.downstream.test_gasp_table_value.CheckGaspTableType.test_check_gasp_table_type(): FAIL
bakery_lint.tests.downstream.test_check_unencoded_glyph.TestFontUnencodedGlyph.test_font_unencoded_glyphs(): FAIL
$ bakery-encode-glyphs-fix.py --autofix /home/travis/build/fontdirectory/astloch/builds/build/Astloch-Bold.ttf
bakery_lint.tests.downstream.test_check_unencoded_glyph.TestFontUnencodedGlyph.test_font_unencoded_glyphs(): FAIL
bakery_lint.tests.downstream.test_check_hmtx_hhea_max_advance_width_agreement.CheckHmtxHheaMaxAdvanceWidthAgreement.test_check_hmtx_hhea_max_advance_width_agreement(): OK
bakery_lint.tests.downstream.test_check_magic_prep_code.CheckMagicPREPByteCode.test_prep_magic_code(): FAIL
bakery_lint.tests.downstream.test_names_are_ascii_only.CheckNamesAreASCIIOnly.test_check_names_are_ascii_only(): OK
bakery_lint.tests.downstream.test_check_glyf_table_length.CheckGlyfTableLength.test_check_glyf_table_length(): FAIL
The following table(s) in the font have been ignored by FontForge
  Ignoring 'DSIG' digital signature table
  Ignoring 'LTSH' linear threshold table
  Ignoring 'VDMX' vertical device metrics table
  Ignoring 'hdmx' horizontal device metrics table
This font contains both a 'kern' table and a 'GPOS' table.
  The 'kern' table will only be read if there is no 'kern' feature in 'GPOS'.
### Optimize TTF Astloch-Regular-TTF.ttf
bakery_lint.tests.downstream.test_fontforge_validation_state.FontForgeValidateStateTest.test_allowed_numbers_paths_in_composite_glyphs(): OK
bakery_lint.tests.downstream.test_fontforge_validation_state.FontForgeValidateStateTest.test_allowed_numbers_paths_in_glyphs(): OK
bakery_lint.tests.downstream.test_fontforge_validation_state.FontForgeValidateStateTest.test_allowed_numbers_points_in_composite_glyphs(): OK
bakery_lint.tests.downstream.test_fontforge_validation_state.FontForgeValidateStateTest.test_allowed_numbers_points_in_glyphs(): OK
bakery_lint.tests.downstream.test_fontforge_validation_state.FontForgeValidateStateTest.test_duplicate_glyphs(): OK
bakery_lint.tests.downstream.test_fontforge_validation_state.FontForgeValidateStateTest.test_duplicate_unicode_codepoints(): OK
bakery_lint.tests.downstream.test_fontforge_validation_state.FontForgeValidateStateTest.test_flipped_reference_in_glyphs(): OK
bakery_lint.tests.downstream.test_fontforge_validation_state.FontForgeValidateStateTest.test_missing_anchors(): OK
bakery_lint.tests.downstream.test_fontforge_validation_state.FontForgeValidateStateTest.test_missing_extrema_in_glyphs(): FAIL
bakery_lint.tests.downstream.test_fontforge_validation_state.FontForgeValidateStateTest.test_overlapped_hints(): OK
bakery_lint.tests.downstream.test_fontforge_validation_state.FontForgeValidateStateTest.test_points_are_integer_aligned(): OK
bakery_lint.tests.downstream.test_fontforge_validation_state.FontForgeValidateStateTest.test_points_are_not_too_far_apart(): OK
bakery_lint.tests.downstream.test_fontforge_validation_state.FontForgeValidateStateTest.test_postscript_hasnt_limit_hints_in_glyphs(): OK
bakery_lint.tests.downstream.test_fontforge_validation_state.FontForgeValidateStateTest.test_postscript_hasnt_limit_points_in_glyphs(): OK
bakery_lint.tests.downstream.test_fontforge_validation_state.FontForgeValidateStateTest.test_referenced_glyphs_are_present(): OK
bakery_lint.tests.downstream.test_fontforge_validation_state.FontForgeValidateStateTest.test_valid_glyph_names(): OK
bakery_lint.tests.downstream.test_fontforge_validation_state.FontForgeValidateStateTest.test_valid_length_instructions(): OK
bakery_lint.tests.downstream.test_fontforge_validation_state.FontForgeValidateStateTest.test_validation_glyph_intersect(): FAIL
bakery_lint.tests.downstream.test_fontforge_validation_state.FontForgeValidateStateTest.test_validation_open_contours(): OK
bakery_lint.tests.downstream.test_fontforge_validation_state.FontForgeValidateStateTest.test_wrong_direction_in_glyphs(): OK
$ ls -l 'Astloch-Regular-TTF.ttf'* # look at the size savings of that subset process
Astloch-Regular-TTF.ttf.opt: 48064 bytes
Astloch-Regular-TTF.ttf: 49220 bytes
$ mv /home/travis/build/fontdirectory/astloch/builds/build/Astloch-Regular-TTF.ttf.opt /home/travis/build/fontdirectory/astloch/builds/build/Astloch-Regular-TTF.ttf
### Autohint TTFs (ttfautohint) Astloch-Regular-TTF.ttf
$ ls -l /home/travis/build/fontdirectory/astloch/builds/build/Astloch-Regular-TTF.*ttf # look at the size savings of that subset process
/home/travis/build/fontdirectory/astloch/builds/build/Astloch-Regular-TTF.ttf: 48064 bytes
/home/travis/build/fontdirectory/astloch/builds/build/Astloch-Regular-TTF.autohint.ttf: 65852 bytes
$ mv /home/travis/build/fontdirectory/astloch/builds/build/Astloch-Regular-TTF.autohint.ttf /home/travis/build/fontdirectory/astloch/builds/build/Astloch-Regular-TTF.ttf
### Subset TTFs (pyftsubset) Astloch-Regular-TTF.ttf
### Optimize TTF Astloch-Bold.ttf
Generate Astloch-Regular-TTF.latin
$ ls -l 'Astloch-Bold.ttf'* # look at the size savings of that subset process
Astloch-Bold.ttf.opt: 84956 bytes
Astloch-Bold.ttf: 86144 bytes
$ mv /home/travis/build/fontdirectory/astloch/builds/build/Astloch-Bold.ttf.opt /home/travis/build/fontdirectory/astloch/builds/build/Astloch-Bold.ttf
### Autohint TTFs (ttfautohint) Astloch-Bold.ttf
Generate Astloch-Regular-TTF.menu
strippedname:/home/travis/build/fontdirectory/astloch/builds/build/Astloch-Regular-TTF.ttf
$ ls -l /home/travis/build/fontdirectory/astloch/builds/build/Astloch-Bold.*ttf # look at the size savings of that subset process
/home/travis/build/fontdirectory/astloch/builds/build/Astloch-Bold.ttf: 84956 bytes
/home/travis/build/fontdirectory/astloch/builds/build/Astloch-Bold.autohint.ttf: 82588 bytes
$ mv /home/travis/build/fontdirectory/astloch/builds/build/Astloch-Bold.autohint.ttf /home/travis/build/fontdirectory/astloch/builds/build/Astloch-Bold.ttf
### Subset TTFs (pyftsubset) Astloch-Bold.ttf
Generate Astloch-Bold.latin
Generate Astloch-Bold.menu
strippedname:/home/travis/build/fontdirectory/astloch/builds/build/Astloch-Bold.ttf
{
  "name": "Astloch", 
  "designer": "Dan Rhatigan", 
  "license": "OFL", 
  "visibility": "External", 
  "category": "Display", 
  "size": 24148, 
  "fonts": [
    {
      "name": "Astloch", 
      "postScriptName": "Astloch-Bold", 
      "fullName": "Astloch Bold", 
      "style": "normal", 
      "weight": 700, 
      "filename": "Astloch-Bold.ttf", 
      "copyright": ""
    }, 
    {
      "name": "Astloch", 
      "postScriptName": "Astloch", 
      "fullName": "Astloch", 
      "style": "normal", 
      "weight": 400, 
      "filename": "Astloch-Regular.ttf", 
      "copyright": ""
    }, 
    {
      "name": "Astloch", 
      "postScriptName": "Astloch", 
      "fullName": "Astloch", 
      "style": "normal", 
      "weight": 400, 
      "filename": "Astloch-Regular-TTF.ttf", 
      "copyright": ""
    }, 
    {
      "name": "Astloch", 
      "postScriptName": "Astloch-Bold", 
      "fullName": "Astloch Bold", 
      "style": "normal", 
      "weight": 700, 
      "filename": "Astloch-Bold-TTF.ttf", 
      "copyright": ""
    }
  ], 
  "subsets": [
    "latin"
  ], 
  "dateAdded": "2011-02-16"
}
